// Jest Snapshot v1, https://goo.gl/fbAQLP

exports[`<NewSingle/> accepts the item props correctly 1`] = `ShallowWrapper {}`;
